
> build
> vite build

[36mvite v7.3.1 [32mbuilding client environment for production...[36m[39m
transforming...
[32mΓ£ô[39m 18 modules transformed.
npm : [31mΓ£ù[39m Build 
failed in 712ms
At line:1 char:1
+ npm run build > 
build_output.txt 2>&1
+ ~~~~~~~~~~~~~~~~~~~~~~~~~~~
~~~~~~~~~~
    + CategoryInfo           
   : NotSpecified: ([31mΓ£  
  ù[39m Build failed in 7   
 12ms:String) [], RemoteE    
xception
    + FullyQualifiedErrorId  
   : NativeCommandError
 
[31merror during build:
[31m[vite:esbuild] 
Transform failed with 2 
errors:
C:/wamp64/www/smart percare/s
martpetcare/resources/js/Page
s/NewCase/Index.jsx:1490:10: 
ERROR: Unexpected closing 
"AppLayout" tag does not 
match opening "div" tag
C:/wamp64/www/smart percare/s
martpetcare/resources/js/Page
s/NewCase/Index.jsx:1495:4: 
ERROR: Unexpected 
"return"[31m
file: 
[36mC:/wamp64/www/smart perc
are/smartpetcare/resources/js
/Pages/NewCase/Index.jsx:1490
:10[31m
[33m
[33mUnexpected closing 
"AppLayout" tag does not 
match opening "div" tag[33m
1488 |                  }} />
1489 |              </div>
1490 |          </AppLayout>
     |            ^
1491 |      );
1492 |  }

[33mUnexpected "return"[33m
1493 |  
1494 |  const 
CaseDetailsModal = ({ 
record, onClose }) => {
1495 |      return (
     |      ^
1496 |          <motion.div
1497 |              
initial={{ opacity: 0 }}
[31m
    at failureErrorWithLog 
(C:\wamp64\www\smart percare\
smartpetcare\node_modules\esb
uild\lib\main.js:1467:15)
    at C:\wamp64\www\smart pe
rcare\smartpetcare\node_modul
es\esbuild\lib\main.js:736:50
    at 
responseCallbacks.<computed> 
(C:\wamp64\www\smart percare\
smartpetcare\node_modules\esb
uild\lib\main.js:603:9)
    at handleIncomingPacket 
(C:\wamp64\www\smart percare\
smartpetcare\node_modules\esb
uild\lib\main.js:658:12)
    at Socket.readFromStdout 
(C:\wamp64\www\smart percare\
smartpetcare\node_modules\esb
uild\lib\main.js:581:7)
    at Socket.emit 
(node:events:524:28)
    at addChunk (node:interna
l/streams/readable:561:12)
    at 
readableAddChunkPushByteMode 
(node:internal/streams/readab
le:512:3)
    at Readable.push (node:in
ternal/streams/readable:392:5
)
    at Pipe.onStreamRead (nod
e:internal/stream_base_common
s:191:23)[39m
